File: /home/docker_prism/catkin_ws/src/PRISM-TopoMap/scripts/prism_topomap_node.py
Intializing...
File: /home/docker_prism/catkin_ws/src/PRISM-TopoMap/scripts/prism_topomap.py
Initializing done!
No global pose! (gt_buf=0, odom_buf=2)
No global pose! (gt_buf=0, odom_buf=3)
No global pose! (gt_buf=0, odom_buf=4)
No global pose! (gt_buf=0, odom_buf=5)
No global pose! (gt_buf=0, odom_buf=6)
No global pose! (gt_buf=0, odom_buf=7)
No global pose! (gt_buf=0, odom_buf=8)
No global pose! (gt_buf=0, odom_buf=9)
No global pose! (gt_buf=0, odom_buf=10)
No global pose! (gt_buf=0, odom_buf=11)
No global pose! (gt_buf=0, odom_buf=12)
No global pose! (gt_buf=0, odom_buf=13)
No global pose! (gt_buf=0, odom_buf=14)
No global pose! (gt_buf=0, odom_buf=15)
No global pose! (gt_buf=0, odom_buf=16)
No global pose! (gt_buf=0, odom_buf=17)
No global pose! (gt_buf=0, odom_buf=18)
No global pose! (gt_buf=0, odom_buf=19)
No global pose! (gt_buf=0, odom_buf=20)
Waiting for message to initialize localizer...
Waiting for message to initialize localizer...
No global pose! (gt_buf=0, odom_buf=21)
No global pose! (gt_buf=0, odom_buf=22)
No global pose! (gt_buf=0, odom_buf=23)
No global pose! (gt_buf=0, odom_buf=24)
No global pose! (gt_buf=0, odom_buf=25)
No global pose! (gt_buf=0, odom_buf=26)
No global pose! (gt_buf=0, odom_buf=27)
No global pose! (gt_buf=0, odom_buf=28)
No global pose! (gt_buf=0, odom_buf=29)
No global pose! (gt_buf=0, odom_buf=30)
No global pose! (gt_buf=0, odom_buf=31)
No global pose! (gt_buf=0, odom_buf=32)
No global pose! (gt_buf=0, odom_buf=33)
No global pose! (gt_buf=0, odom_buf=34)
No global pose! (gt_buf=0, odom_buf=35)
No global pose! (gt_buf=0, odom_buf=36)
No global pose! (gt_buf=0, odom_buf=37)
No global pose! (gt_buf=0, odom_buf=38)
No global pose! (gt_buf=0, odom_buf=39)
No global pose! (gt_buf=0, odom_buf=40)
Waiting for message to initialize localizer...
No global pose! (gt_buf=0, odom_buf=41)
No global pose! (gt_buf=0, odom_buf=42)
No global pose! (gt_buf=0, odom_buf=43)
No global pose! (gt_buf=0, odom_buf=44)
No global pose! (gt_buf=0, odom_buf=45)
No global pose! (gt_buf=0, odom_buf=46)
No global pose! (gt_buf=0, odom_buf=47)
No global pose! (gt_buf=0, odom_buf=48)
No global pose! (gt_buf=0, odom_buf=49)
No global pose! (gt_buf=0, odom_buf=50)
No global pose! (gt_buf=0, odom_buf=51)
No global pose! (gt_buf=0, odom_buf=52)
No global pose! (gt_buf=0, odom_buf=53)
No global pose! (gt_buf=0, odom_buf=54)
No global pose! (gt_buf=0, odom_buf=55)
No global pose! (gt_buf=0, odom_buf=56)
No global pose! (gt_buf=0, odom_buf=57)
No global pose! (gt_buf=0, odom_buf=58)
No global pose! (gt_buf=0, odom_buf=59)
No global pose! (gt_buf=0, odom_buf=60)
Waiting for message to initialize localizer...
No global pose! (gt_buf=0, odom_buf=61)
No global pose! (gt_buf=0, odom_buf=62)
No global pose! (gt_buf=0, odom_buf=63)
No global pose! (gt_buf=0, odom_buf=64)
No global pose! (gt_buf=0, odom_buf=65)
No global pose! (gt_buf=0, odom_buf=66)
No global pose! (gt_buf=0, odom_buf=67)
No global pose! (gt_buf=0, odom_buf=68)
No global pose! (gt_buf=0, odom_buf=69)
No global pose! (gt_buf=0, odom_buf=70)
No global pose! (gt_buf=0, odom_buf=71)
No global pose! (gt_buf=0, odom_buf=72)
No global pose! (gt_buf=0, odom_buf=73)
No global pose! (gt_buf=0, odom_buf=74)
No global pose! (gt_buf=0, odom_buf=75)
No global pose! (gt_buf=0, odom_buf=76)
No global pose! (gt_buf=0, odom_buf=77)
No global pose! (gt_buf=0, odom_buf=78)
No global pose! (gt_buf=0, odom_buf=79)
No global pose! (gt_buf=0, odom_buf=80)
Waiting for message to initialize localizer...
No global pose! (gt_buf=0, odom_buf=81)
No global pose! (gt_buf=0, odom_buf=82)
No global pose! (gt_buf=0, odom_buf=83)
No global pose! (gt_buf=0, odom_buf=84)
No global pose! (gt_buf=0, odom_buf=85)
No global pose! (gt_buf=0, odom_buf=86)
No global pose! (gt_buf=0, odom_buf=87)
No global pose! (gt_buf=0, odom_buf=88)
No global pose! (gt_buf=0, odom_buf=89)
No global pose! (gt_buf=0, odom_buf=90)
No global pose! (gt_buf=0, odom_buf=91)
No global pose! (gt_buf=0, odom_buf=92)
No global pose! (gt_buf=0, odom_buf=93)
No global pose! (gt_buf=0, odom_buf=94)
No global pose! (gt_buf=0, odom_buf=95)
No global pose! (gt_buf=0, odom_buf=96)
No global pose! (gt_buf=0, odom_buf=97)
No global pose! (gt_buf=0, odom_buf=98)
No global pose! (gt_buf=0, odom_buf=99)
No global pose! (gt_buf=0, odom_buf=100)
Waiting for message to initialize localizer...
No global pose! (gt_buf=0, odom_buf=101)
No global pose! (gt_buf=0, odom_buf=102)
No global pose! (gt_buf=0, odom_buf=103)
No global pose! (gt_buf=0, odom_buf=104)
No global pose! (gt_buf=0, odom_buf=105)
No global pose! (gt_buf=0, odom_buf=106)
No global pose! (gt_buf=0, odom_buf=107)
No global pose! (gt_buf=0, odom_buf=108)
No global pose! (gt_buf=0, odom_buf=109)
No global pose! (gt_buf=0, odom_buf=110)
No global pose! (gt_buf=0, odom_buf=111)
No global pose! (gt_buf=0, odom_buf=112)
No global pose! (gt_buf=0, odom_buf=113)
No global pose! (gt_buf=0, odom_buf=114)
No global pose! (gt_buf=0, odom_buf=115)
No global pose! (gt_buf=0, odom_buf=116)
No global pose! (gt_buf=0, odom_buf=117)
No global pose! (gt_buf=0, odom_buf=118)
No global pose! (gt_buf=0, odom_buf=119)
No global pose! (gt_buf=0, odom_buf=120)
Waiting for message to initialize localizer...
No global pose! (gt_buf=0, odom_buf=121)
No global pose! (gt_buf=0, odom_buf=122)
No global pose! (gt_buf=0, odom_buf=123)
No global pose! (gt_buf=0, odom_buf=124)
No global pose! (gt_buf=0, odom_buf=125)
No global pose! (gt_buf=0, odom_buf=126)
No global pose! (gt_buf=0, odom_buf=127)
No global pose! (gt_buf=0, odom_buf=128)
No global pose! (gt_buf=0, odom_buf=129)
No global pose! (gt_buf=0, odom_buf=130)
No global pose! (gt_buf=0, odom_buf=131)
No global pose! (gt_buf=0, odom_buf=132)
No global pose! (gt_buf=0, odom_buf=133)
No global pose! (gt_buf=0, odom_buf=134)
No global pose! (gt_buf=0, odom_buf=135)
No global pose! (gt_buf=0, odom_buf=136)
No global pose! (gt_buf=0, odom_buf=137)
No global pose! (gt_buf=0, odom_buf=138)
No global pose! (gt_buf=0, odom_buf=139)
No global pose! (gt_buf=0, odom_buf=140)
Waiting for message to initialize localizer...
No global pose! (gt_buf=0, odom_buf=141)
No global pose! (gt_buf=0, odom_buf=142)
No global pose! (gt_buf=0, odom_buf=143)
No global pose! (gt_buf=0, odom_buf=144)
No global pose! (gt_buf=0, odom_buf=145)
No global pose! (gt_buf=0, odom_buf=146)
No global pose! (gt_buf=0, odom_buf=147)
No global pose! (gt_buf=0, odom_buf=148)
No global pose! (gt_buf=0, odom_buf=149)
No global pose! (gt_buf=0, odom_buf=150)
No global pose! (gt_buf=0, odom_buf=151)
No global pose! (gt_buf=0, odom_buf=152)
No global pose! (gt_buf=0, odom_buf=153)
No global pose! (gt_buf=0, odom_buf=154)
No global pose! (gt_buf=0, odom_buf=155)
No global pose! (gt_buf=0, odom_buf=156)
No global pose! (gt_buf=0, odom_buf=157)
No global pose! (gt_buf=0, odom_buf=158)
No global pose! (gt_buf=0, odom_buf=159)
No global pose! (gt_buf=0, odom_buf=160)
Waiting for message to initialize localizer...
No global pose! (gt_buf=0, odom_buf=161)
No global pose! (gt_buf=0, odom_buf=162)
No global pose! (gt_buf=0, odom_buf=163)
No global pose! (gt_buf=0, odom_buf=164)
No global pose! (gt_buf=0, odom_buf=165)
No global pose! (gt_buf=0, odom_buf=166)
No global pose! (gt_buf=0, odom_buf=167)
No global pose! (gt_buf=0, odom_buf=168)
No global pose! (gt_buf=0, odom_buf=169)
No global pose! (gt_buf=0, odom_buf=170)
No global pose! (gt_buf=0, odom_buf=171)
No global pose! (gt_buf=0, odom_buf=172)
No global pose! (gt_buf=0, odom_buf=173)
No global pose! (gt_buf=0, odom_buf=174)
No global pose! (gt_buf=0, odom_buf=175)
No global pose! (gt_buf=0, odom_buf=176)
No global pose! (gt_buf=0, odom_buf=177)
No global pose! (gt_buf=0, odom_buf=178)
No global pose! (gt_buf=0, odom_buf=179)
No global pose! (gt_buf=0, odom_buf=180)
Waiting for message to initialize localizer...
No global pose! (gt_buf=0, odom_buf=181)
No global pose! (gt_buf=0, odom_buf=182)
No global pose! (gt_buf=0, odom_buf=183)
No global pose! (gt_buf=0, odom_buf=184)
No global pose! (gt_buf=0, odom_buf=185)
No global pose! (gt_buf=0, odom_buf=186)
No global pose! (gt_buf=0, odom_buf=187)
