Performing C++ SOURCE FILE Test CMAKE_HAVE_LIBC_PTHREAD failed with the following output:
Change Dir: /home/docker_prism/catkin_ws/src/PRISM-TopoMap/faiss/build/CMakeFiles/CMakeTmp

Run Build Command(s):/usr/bin/make -f Makefile cmTC_b3408/fast && /usr/bin/make  -f CMakeFiles/cmTC_b3408.dir/build.make CMakeFiles/cmTC_b3408.dir/build
make[1]: Entering directory '/home/docker_prism/catkin_ws/src/PRISM-TopoMap/faiss/build/CMakeFiles/CMakeTmp'
Building CXX object CMakeFiles/cmTC_b3408.dir/src.cxx.o
/usr/bin/c++ -DCMAKE_HAVE_LIBC_PTHREAD  -std=gnu++11 -o CMakeFiles/cmTC_b3408.dir/src.cxx.o -c /home/docker_prism/catkin_ws/src/PRISM-TopoMap/faiss/build/CMakeFiles/CMakeTmp/src.cxx
Linking CXX executable cmTC_b3408
/usr/local/lib/python3.8/dist-packages/cmake/data/bin/cmake -E cmake_link_script CMakeFiles/cmTC_b3408.dir/link.txt --verbose=1
/usr/bin/c++ CMakeFiles/cmTC_b3408.dir/src.cxx.o -o cmTC_b3408 
/usr/bin/ld: CMakeFiles/cmTC_b3408.dir/src.cxx.o: in function `main':
src.cxx:(.text+0x46): undefined reference to `pthread_create'
/usr/bin/ld: src.cxx:(.text+0x52): undefined reference to `pthread_detach'
/usr/bin/ld: src.cxx:(.text+0x5e): undefined reference to `pthread_cancel'
/usr/bin/ld: src.cxx:(.text+0x6f): undefined reference to `pthread_join'
collect2: error: ld returned 1 exit status
make[1]: *** [CMakeFiles/cmTC_b3408.dir/build.make:99: cmTC_b3408] Error 1
make[1]: Leaving directory '/home/docker_prism/catkin_ws/src/PRISM-TopoMap/faiss/build/CMakeFiles/CMakeTmp'
make: *** [Makefile:127: cmTC_b3408/fast] Error 2


Source file was:
#include <pthread.h>

static void* test_func(void* data)
{
  return data;
}

int main(void)
{
  pthread_t thread;
  pthread_create(&thread, NULL, test_func, NULL);
  pthread_detach(thread);
  pthread_cancel(thread);
  pthread_join(thread, NULL);
  pthread_atfork(NULL, NULL, NULL);
  pthread_exit(NULL);

  return 0;
}

Determining if the function pthread_create exists in the pthreads failed with the following output:
Change Dir: /home/docker_prism/catkin_ws/src/PRISM-TopoMap/faiss/build/CMakeFiles/CMakeTmp

Run Build Command(s):/usr/bin/make -f Makefile cmTC_25659/fast && /usr/bin/make  -f CMakeFiles/cmTC_25659.dir/build.make CMakeFiles/cmTC_25659.dir/build
make[1]: Entering directory '/home/docker_prism/catkin_ws/src/PRISM-TopoMap/faiss/build/CMakeFiles/CMakeTmp'
Building CXX object CMakeFiles/cmTC_25659.dir/CheckFunctionExists.cxx.o
/usr/bin/c++   -DCHECK_FUNCTION_EXISTS=pthread_create -std=gnu++11 -o CMakeFiles/cmTC_25659.dir/CheckFunctionExists.cxx.o -c /home/docker_prism/catkin_ws/src/PRISM-TopoMap/faiss/build/CMakeFiles/CheckLibraryExists/CheckFunctionExists.cxx
Linking CXX executable cmTC_25659
/usr/local/lib/python3.8/dist-packages/cmake/data/bin/cmake -E cmake_link_script CMakeFiles/cmTC_25659.dir/link.txt --verbose=1
/usr/bin/c++  -DCHECK_FUNCTION_EXISTS=pthread_create CMakeFiles/cmTC_25659.dir/CheckFunctionExists.cxx.o -o cmTC_25659  -lpthreads 
/usr/bin/ld: cannot find -lpthreads
collect2: error: ld returned 1 exit status
make[1]: *** [CMakeFiles/cmTC_25659.dir/build.make:99: cmTC_25659] Error 1
make[1]: Leaving directory '/home/docker_prism/catkin_ws/src/PRISM-TopoMap/faiss/build/CMakeFiles/CMakeTmp'
make: *** [Makefile:127: cmTC_25659/fast] Error 2



Determining if the function sgemm_ exists failed with the following output:
Change Dir: /home/docker_prism/catkin_ws/src/PRISM-TopoMap/faiss/build/CMakeFiles/CMakeTmp

Run Build Command(s):/usr/bin/make -f Makefile cmTC_62c22/fast && /usr/bin/make  -f CMakeFiles/cmTC_62c22.dir/build.make CMakeFiles/cmTC_62c22.dir/build
make[1]: Entering directory '/home/docker_prism/catkin_ws/src/PRISM-TopoMap/faiss/build/CMakeFiles/CMakeTmp'
Building CXX object CMakeFiles/cmTC_62c22.dir/CheckFunctionExists.cxx.o
/usr/bin/c++   -DCHECK_FUNCTION_EXISTS=sgemm_ -std=gnu++11 -o CMakeFiles/cmTC_62c22.dir/CheckFunctionExists.cxx.o -c /home/docker_prism/catkin_ws/src/PRISM-TopoMap/faiss/build/CMakeFiles/CheckFunctionExists/CheckFunctionExists.cxx
Linking CXX executable cmTC_62c22
/usr/local/lib/python3.8/dist-packages/cmake/data/bin/cmake -E cmake_link_script CMakeFiles/cmTC_62c22.dir/link.txt --verbose=1
/usr/bin/c++  -DCHECK_FUNCTION_EXISTS=sgemm_ CMakeFiles/cmTC_62c22.dir/CheckFunctionExists.cxx.o -o cmTC_62c22 
/usr/bin/ld: CMakeFiles/cmTC_62c22.dir/CheckFunctionExists.cxx.o: in function `main':
CheckFunctionExists.cxx:(.text+0x14): undefined reference to `sgemm_'
collect2: error: ld returned 1 exit status
make[1]: *** [CMakeFiles/cmTC_62c22.dir/build.make:99: cmTC_62c22] Error 1
make[1]: Leaving directory '/home/docker_prism/catkin_ws/src/PRISM-TopoMap/faiss/build/CMakeFiles/CMakeTmp'
make: *** [Makefile:127: cmTC_62c22/fast] Error 2



